[root@kamilbabayev1c bin]# export TODAYSDATE=`date`
[root@kamilbabayev1c bin]# echo $TODAYSDATE
Tue Mar 31 08:23:21 UTC 2020

Lecture: Arithmetic Operations
[root@kamilbabayev1c bin]# expr 10 \* 0
0

[root@kamilbabayev1c bin]# expr 10 * 0
expr: syntax error

[root@kamilbabayev1c bin]# expr 2 - 4
-2

[root@kamilbabayev1c ~]# expr 2 + 2 \* 4
10

[root@kamilbabayev1c ~]# expr ( 2 + 2 ) \*4
-bash: syntax error near unexpected token `2'

[root@kamilbabayev1c ~]# expr \( 2 + 2 \) \* 4
16

#Often, on modern systems, the $COLUMNS and $LINES variables are not environment variables.

[root@kamilbabayev1c bin]# set | grep COLUM
COLUMNS=82
    \typeset width=${COLUMNS:-78};
    \typeset width=${COLUMNS:-78};
[root@kamilbabayev1c bin]# env | grep COLUM
[root@kamilbabayev1c bin]# printenv | grep COLUM

